---
source: apps/rust/src/tui/notice.rs
expression: "$crate :: tui :: snapshot_value(terminal.backend())"
---
"● ◆ prt <version>                                                                   "
"╭ ◆ Teste ─────────────────────────────────────────────────────────────────────╮"
"│ Operação concluída.                                                        ▲ │"
"│ Revise o resumo acima.                                                     █ │"
"│                                                                            █ │"
"│                                                                            █ │"
"│                                                                            █ │"
"│                                                                            █ │"
"│                                                                            █ │"
"│                                                                            █ │"
"│                                                                            █ │"
"│                                                                            █ │"
"│                                                                            █ │"
"│                                                                            █ │"
"│                                                                            █ │"
"│                                                                            █ │"
"│                                                                            █ │"
"│                                                                            █ │"
"│                                                                            █ │"
"│                                                                            █ │"
"│                                                                            ║ │"
"│                                                                            ▼ │"
"╰──────────────────────────────────────────────────────────────────────────────╯"
"j/k rolar · PgUp/PgDn página · q/enter/esc sair                                 "
