---
source: apps/rust/src/tui/live.rs
expression: "$crate :: tui :: snapshot_value(terminal.backend())"
---
"◆ prt <version>  ·  desc  ·  Geração via IA                                                             "
"streaming provider…  ·  ████████████████████████████░░░░░░░░░░░░░░░░░░░░░░░░░░░░░░░░░░░░░░░░  ·  42%"
"╭──────────────────────────────────────────────────────────────────────────────────────────────────╮"
"│ # Atualiza checkout                                                                            ▲ │"
"│                                                                                                █ │"
"│ ## Descrição                                                                                   █ │"
"│ ▊                                                                                              █ │"
"│                                                                                                █ │"
"│                                                                                                █ │"
"│                                                                                                █ │"
"│                                                                                                █ │"
"│                                                                                                █ │"
"│                                                                                                █ │"
"│                                                                                                █ │"
"│                                                                                                █ │"
"│                                                                                                █ │"
"│                                                                                                █ │"
"│                                                                                                █ │"
"│                                                                                                █ │"
"│                                                                                                █ │"
"│                                                                                                █ │"
"│                                                                                                █ │"
"│                                                                                                █ │"
"│                                                                                                █ │"
"│                                                                                                █ │"
"│                                                                                                ║ │"
"│                                                                                                ║ │"
"│                                                                                                ▼ │"
"╰──────────────────────────────────────────────────────────────────────────────────────────────────╯"
"j/k scroll · tab target · ? ajuda · q sair                                                          "
