---
source: apps/rust/src/tui/doctor_flow.rs
expression: "$crate :: tui :: snapshot_value(terminal.backend())"
---
"◆ prt <version>  ·  doctor  ·  diagnóstico                                          "
"verificando ambiente…  ·  ░░░░░░░░░░░░░░░░░░░░░░░░░░░░░░░░░░░░░░░░░░░░░░░░░░░░░░"
"                                                                                "
"                                                                                "
"                                                                                "
"                                                                                "
"                                                                                "
"                                                                                "
"                                                                                "
"                                                                                "
"                                                                                "
"                                                                                "
"                                                                                "
"                                                                                "
"                                                                                "
"                                                                                "
"                                                                                "
"                                                                                "
"                                                                                "
"                                                                                "
"                                                                                "
"                                                                                "
"                                                                                "
"q/esc sai sem resultado (código 130)                                            "
