---
source: src/tui/live.rs
expression: terminal.backend()
---
"                                                  "
"                                                  "
"                                                  "
"                                                  "
"                                                  "
" ╭ ◆ prt ───────────────────────────────────────╮ "
" │ terminal muito pequeno — mínimo 60×20 (atual │ "
" │                    50×15)                    │ "
" │                                              │ "
" ╰──────────────────────────────────────────────╯ "
"                                                  "
"                                                  "
"                                                  "
"                                                  "
"                                                  "
