---
source: apps/rust/src/tui/live.rs
expression: "$crate :: tui :: snapshot_value(terminal.backend())"
---
"◆ prt <version>  ·  desc --resume                                                                                           "
"Retomar publicação  ·  2 sessões incompletas                                                                            "
"╭ Sessões incompletas ───────────────────────────────────────────────────╮╭ Sessão selecionada ────────────────────────╮"
"│ ▸ feature/11763-atualiza-checkout  pr-tools                            ││ Repositório                                │"
"│     1/2 confirmados  ·  targets  ·  atualizado 2026-09-14 14:32        ││ /home/dev/pr-tools                         │"
"│   bugfix/timeout  billing                                              ││ Branch de origem                           │"
"│     0/1 confirmados  ·  target  ·  atualizado 2026-09-13 09:05         ││ feature/11763-atualiza-checkout            │"
"│                                                                        ││ Última atualização                         │"
"│                                                                        ││ 2026-09-14 14:32                           │"
"│                                                                        ││ Progresso                                  │"
"│                                                                        ││ 1/2 targets confirmados                    │"
"│                                                                        ││                                            │"
"│                                                                        ││ Targets                                    │"
"│                                                                        ││ ✓ dev  confirmado                          │"
"│                                                                        ││ ? sprint/12  resultado incerto             │"
"│                                                                        ││                                            │"
"│                                                                        ││ ID 550e8400-e29b-41d4-a716-446655440000    │"
"│                                                                        ││                                            │"
"│                                                                        ││                                            │"
"│                                                                        ││                                            │"
"│                                                                        ││                                            │"
"│                                                                        ││                                            │"
"│                                                                        ││                                            │"
"│                                                                        ││                                            │"
"│                                                                        ││                                            │"
"│                                                                        ││                                            │"
"│                                                                        ││                                            │"
"│                                                                        ││                                            │"
"╰────────────────────────────────────────────────────────────────────────╯╰────────────────────────────────────────────╯"
"↑/↓ ou j/k mover · Enter retomar · Esc/q sair                                                                        1/2"
