---
source: apps/rust/src/tui/live.rs
expression: "$crate :: tui :: snapshot_value(terminal.backend())"
---
"◆ prt <version>  ·  desc --resume                                                   "
"Retomar publicação  ·  2 sessões incompletas                                    "
"╭ Sessões incompletas ─────────────────────────────────────────────────────────╮"
"│   feature/11763-atualiza-checkout  pr-tools                                  │"
"│     1/2 confirmados  ·  targets  ·  atualizado 2026-09-14 14:32              │"
"│ ▸ bugfix/timeout  billing                                                    │"
"│     0/1 confirmados  ·  target  ·  atualizado 2026-09-13 09:05               │"
"│                                                                              │"
"│                                                                              │"
"│                                                                              │"
"│                                                                              │"
"│                                                                              │"
"│                                                                              │"
"│                                                                              │"
"│                                                                              │"
"│                                                                              │"
"│                                                                              │"
"│                                                                              │"
"│                                                                              │"
"│                                                                              │"
"│                                                                              │"
"│                                                                              │"
"╰──────────────────────────────────────────────────────────────────────────────╯"
"↑/↓ ou j/k mover · Enter retomar · Esc/q sair                                2/2"
