---
source: src/tui/live.rs
expression: terminal.backend()
---
"● ◆ prt 4.0.10  ·  desc  ·  revisão  ·  0s  ·  ~0 tok  ·  revisão                                   "
" dev                                                                                                "
"╭ ◉ Descrição do PR ────────────────────────────────────╮ ╭ ◈ Contexto ────────────────────────────╮"
"│ # Atualiza fluxo de checkout                        ▲ │ │ branch  feature/11763-exemplo          │"
"│                                                     █ │ │ work    #11763                         │"
"│                                                     █ │ │ targets  dev                           │"
"│ ## Descrição                                        █ │ │ body    161 chars ✓ <4000              │"
"│                                                     █ │ │                                        │"
"│ Atualiza o fluxo de checkout para validar o carrinho█ │ ╰────────────────────────────────────────╯"
"│                                                     █ │                                           "
"│ ## Checklist                                        █ │ ╭ ≡ Log vivo ────────────────────────────╮"
"│              ╭ Reviewers ─────────────────────────────────────────────────────────╮, copie (c) o │"
"│              │ opcional; vazio mantém o padrão · tab/↓↑ troca de campo            │              │"
"│ ☑ Testes loca│                                                                    │              │"
"│              │ ▸ dev                                                              │              │"
"│ ☐ Review     │ │ dev@x.com                                                        │              │"
"│              │                                                                    │              │"
"│ ╭─ diff      │ enter avançar · esc voltar                                         │              │"
"│ │ + valida ca╰────────────────────────────────────────────────────────────────────╯              │"
"│ │ - ignora erro                                     ║ │ │                                        │"
"│                                                     ║ │ │                                        │"
"│ ╰──                                                 ║ │ │                                        │"
"│                                                     ║ │ ╰────────────────────────────────────────╯"
"│                                                     ║ │                                           "
"│                                                     ║ │ ╭ ⚡ Progresso 100% ─────────────────────╮" Hidden by multi-width symbols: [(61, " ")]
"│                                                     ║ │ │ ██████████████████████████████████████ │"
"│                                                     ║ │ │ pronto                                 │"
"│                                                     ▼ │ │                                        │"
"╰───────────────────────────────────────────────────────╯ ╰────────────────────────────────────────╯"
"digite o reviewer · tab/↓↑ trocar campo · enter avançar · esc voltar                                "
