---
source: src/tui/doctor_flow.rs
expression: terminal.backend()
---
"◆ prt 4.0.11  ·  doctor  ·  diagnóstico                                         "
"1 falha(s) e 1 aviso(s)  ·  ███████████████████████████████████████████  ·  100%"
"╭ Checks (3) ──────────────────────────────────────────────────────────────────╮"
"│ › ✔ Git  git 2.45.0                                                          │"
"│   ! Branch de trabalho  detached HEAD                                        │"
"│   ✘ Azure DevOps PAT  PAT não configurado                                    │"
"│                                                                              │"
"│                                                                              │"
"│                                                                              │"
"│                                                                              │"
"│                                                                              │"
"│                                                                              │"
"│                                                                              │"
"│                                                                              │"
"│                                                                              │"
"│                                                                              │"
"│                                                                              │"
"╰──────────────────────────────────────────────────────────────────────────────╯"
"╭ Como corrigir ───────────────────────────────────────────────────────────────╮"
"│ Tudo certo — sem ação necessária.                                            │"
"│                                                                              │"
"│                                                                              │"
"╰──────────────────────────────────────────────────────────────────────────────╯"
"j/k navegar · q/enter/esc sair (código 1)                                       "
