---
source: src/tui/live.rs
expression: terminal.backend()
---
"◆ prt 4.0.11  ·  desc  ·  Concluído                                                                 "
"links disponíveis  ·  █████████████████████████████████████████████████████████████████████  ·  100%"
"╭ PRs publicados ──────────────────────────────────────────────────────────────────────────────────╮"
"│   dev  https://dev.azure.com/example/pr/42                                                       │"
"│                                                                                                  │"
"│                                                                                                  │"
"│                                                                                                  │"
"│                                                                                                  │"
"│                                                                                                  │"
"│                                                                                                  │"
"│                                                                                                  │"
"│                                                                                                  │"
"│                                                                                                  │"
"│                                                                                                  │"
"│                                                                                                  │"
"│                                                                                                  │"
"│                                                                                                  │"
"│                                                                                                  │"
"│                                                                                                  │"
"│                                                                                                  │"
"│                                                                                                  │"
"│                                                                                                  │"
"│                                                                                                  │"
"│                                                                                                  │"
"│                                                                                                  │"
"│                                                                                                  │"
"│                                                                                                  │"
"│                                                                                                  │"
"╰──────────────────────────────────────────────────────────────────────────────────────────────────╯"
"q sair                                                                                              "
