---
source: apps/rust/src/tui/test_flow.rs
expression: "$crate :: tui :: snapshot_value(terminal.backend())"
---
"◆ prt <version>  ·  test  ·  revisão                                                                    "
"╭ Editar conteúdo ─────────────────────────────────────────────────────────────────────────────────╮"
"│ RASCUNHO  ·  Test Case                                                                           │"
"│ Tab muda campo · Enter cria linha no body · setas navegam                                        │"
"│ ▸ Título  ·  12 caracteres  ·  EDITANDO                                                          │"
"│ ▌ Card exemplo                                                                                   │"
"│ ▌                                                                                                │"
"│ ──────────────────────────────────────────────────────────────────────────────────────────────── │"
"│   Body Markdown  ·  13 caracteres                                                                │"
"│ │ ## Objetivo                                                                                    │"
"│ │ X                                                                                              │"
"│ │                                                                                                │"
"│ │                                                                                                │"
"│ │                                                                                                │"
"│ │                                                                                                │"
"│ │                                                                                                │"
"│ │                                                                                                │"
"│ │                                                                                                │"
"│ │                                                                                                │"
"│ │                                                                                                │"
"│ │                                                                                                │"
"│ │                                                                                                │"
"│ │                                                                                                │"
"│ │                                                                                                │"
"│ │                                                                                                │"
"│ │                                                                                                │"
"│ │                                                                                                │"
"│ Ctrl+S salva · Esc cancela                                                                       │"
"╰──────────────────────────────────────────────────────────────────────────────────────────────────╯"
"Tab alterna título/corpo · Ctrl+S salva · Esc cancela                                               "
