---
source: src/tui/live.rs
expression: terminal.backend()
---
"✓ ◆ prt 4.0.11  ·  desc  /  Concluído                                                               "
"  Pull Request publicado  ·  publicado  ·  100%  ·  ~0 tok  ·  0s                                   "
"[✓] Contexto  ─  [✓] Geração  ─  [✓] Revisão  ─  [✓] Publicação                                     "
"                                                                                                    "
"╭ Publicação concluída ────────────────────────────────────────────────────────────────────────────╮"
"│ ✓ 1 PR(s) criado(s) no Azure DevOps.                                                             │"
"│   dev  https://dev.azure.com/example/pr/42                                                       │"
"│                                                                                                  │"
"│                                                                                                  │"
"│                                                                                                  │"
"│                                                                                                  │"
"│                                                                                                  │"
"│                                                                                                  │"
"│                                                                                                  │"
"│                                                                                                  │"
"│                                                                                                  │"
"│                                                                                                  │"
"│                                                                                                  │"
"│                                                                                                  │"
"│                                                                                                  │"
"│                                                                                                  │"
"│                                                                                                  │"
"│                                                                                                  │"
"╰──────────────────────────────────────────────────────────────────────────────────────────────────╯"
"╭ Contexto · atividade · progresso ────────────────────────────────────────────────────────────────╮"
"│ branch feature/11763-exemplo  ·  work #11763  ·  targets dev                                     │"
"│ ✓ PR dev criado: https://dev.azure.com/example/pr/42                                             │"
"│ ████████████████████████████████████████████████████████████████████████████████  100% · pronto  │"
"╰──────────────────────────────────────────────────────────────────────────────────────────────────╯"
"q sair   ✓ 1 PR(s) publicado(s)                                                                     "
