---
source: apps/rust/src/tui/live.rs
expression: terminal.backend()
---
"◆ prt 4.0.11  ·  desc  ·  Concluído                                                                 "
"links disponíveis  ·  █████████████████████████████████████████████████████████████████████  ·  100%"
"╭ PRs publicados ──────────────────────────────────────────────────────────────────────────────────╮"
"│   PR #42  dev  https://dev.azure.com/example/pr/42                                               │"
"│                                                                                                  │"
"│                                                                                                  │"
"│                                                                                                  │"
"│                                                                                                  │"
"│                                                                                                  │"
"│                                                                                                  │"
"│                                                                                                  │"
"│                                                                                                  │"
"│                                                                                                  │"
"│                                                                                                  │"
"│                                                                                                  │"
"│                                                                                                  │"
"│                                                                                                  │"
"│                                                                                                  │"
"│                                                                                                  │"
"│                                                                                                  │"
"│                                                                                                  │"
"│                                                                                                  │"
"│                                                                                                  │"
"│                                                                                                  │"
"│                                                                                                  │"
"│                                                                                                  │"
"│                                                                                                  │"
"│                                                                                                  │"
"╰──────────────────────────────────────────────────────────────────────────────────────────────────╯"
"t preparar Test Case · q sair                                                                       "
