---
source: apps/rust/src/tui/test_flow.rs
assertion_line: 4397
expression: "$crate :: tui :: snapshot_value(terminal.backend())"
---
"◆ prt <version>  ·  test  ·  revisão                                                                    "
"card pronto  ·  ░░░░░░░░░░░░░░░░░░░░░░░░░░░░░░░░░░░░░░░░░░░░░░░░░░░░░░░░░░░░░░░░░░░░░░░░░░░░░  ·  0%"
"╭ Card de teste ────────────────────────────────────────╮ ╭ ⚙ Settings ────────────────────────────╮"
"│ # Card exemplo                                      ▲ │ │   AreaPath  ·  ex.: MeuProjeto\Time    │"
"│                                                     █ │ │ —                                      │"
"│                                                     █ │ │                                        │"
"│ ## Objetivo                                         █ │ │   Responsável (AssignedTo)  ·  email   │"
"│                                                     █ │ │ ou vazio                               │"
"│ X                                                   █ │ │ —                                      │"
"│                                                     █ │ │                                        │"
"│                  ╭ Esforço Test QA ───────────────────────────────────────────╮x.:               │"
"│                  │ horas decimais ≥ 0 · tab troca campo                       │                  │"
"│                  │ ▸ Effort                                                   │                  │"
"│                  │ 1                                                          │                  │"
"│                  │   Real Effort                                              │ro > 0 (ex.: 2)   │"
"│                  │ 1                                                          │                  │"
"│                  │                                                            │                  │"
"│                  │ tab troca campo · enter confirma · esc volta               │eam (obrigatório) │"
"│                  ╰────────────────────────────────────────────────────────────╯                  │"
"│                                                     █ │ │                                        │"
"│                                                     █ │ │   Programa *  ·  campo de programa do  │"
"│                                                     █ │ │ perfil (obrigatório)                   │"
"│                                                     █ │ │ —                                      │"
"│                                                     ║ │ │                                        │"
"│                                                     ║ │ │                                        │"
"│                                                     ║ │ │                                        │"
"│                                                     ║ │ │                                        │"
"│                                                     ▼ │ │                                        │"
"╰───────────────────────────────────────────────────────╯ ╰────────────────────────────────────────╯"
"digite o número · tab troca campo · enter confirma · esc volta                                      "
