---
source: src/tui/live.rs
expression: terminal.backend()
---
"◆ prt 4.0.11  ·  desc  ·  Geração via IA                                                            "
"streaming provider…  ·  ████████████████████████████░░░░░░░░░░░░░░░░░░░░░░░░░░░░░░░░░░░░░░░░  ·  42%"
"╭──────────────────────────────────────────────────────────────────────────────────────────────────╮"
"│ # Atualiza checkout                                                                            ▲ │"
"│                                                                                                █ │"
"│ ## Descrição                                                                                   █ │"
"│ ▊                                                                                              █ │"
"│                                                                                                █ │"
"│                                                                                                █ │"
"│                                                                                                █ │"
"│                                                                                                █ │"
"│                                                                                                █ │"
"│                                                                                                █ │"
"│                                                                                                █ │"
"│                                                                                                █ │"
"│                                                                                                █ │"
"│                                                                                                █ │"
"│                                                                                                █ │"
"│                                                                                                █ │"
"│                                                                                                █ │"
"│                                                                                                █ │"
"│                                                                                                █ │"
"│                                                                                                █ │"
"│                                                                                                █ │"
"│                                                                                                █ │"
"│                                                                                                ║ │"
"│                                                                                                ║ │"
"│                                                                                                ▼ │"
"╰──────────────────────────────────────────────────────────────────────────────────────────────────╯"
"j/k scroll · tab target · ? ajuda · q sair                                                          "
