---
source: src/tui/test_flow.rs
expression: terminal.backend()
---
"● ◆ prt 4.0.11  ·  test  ·  revisão  ·  0s  ·  13 chars  ·  preparando contexto…                    "
"░░░░░░░░░░░░░░░░░░░░░░░░░░░░░░░░░░░░░░░░░░░░░░░░░░░░░░░░░░░░░░░░░░░░░░░░░░░░░░░░░░░░░░░░░░░░░░░░░░░░"
"preparando  0%                                                                                      "
"                                                                                                    "
"╭ ◉ Card de teste ──────────────────────────────────────╮ ╭ ⚙ Settings ────────────────────────────╮"
"│ # Card exemplo                                      ▲ │ │   AreaPath  ·  ex.: MeuProjeto\Time    │"
"│                                                     █ │ │ —                                      │"
"│                                                     █ │ │                                        │"
"│ ## Objetivo                                         █ │ │   Responsável (AssignedTo)  ·  email   │"
"│                                                     █ │ │ ou vazio                               │"
"│ X                                                   █ │ │ —                                      │"
"│                   ╭ Criar ───────────────────────────────────────────────────╮                   │"
"│                   │ Criar este Test Case?                                    │ex.:               │"
"│                   │                                                          │                   │"
"│                   │                       Sim     Não                        │                   │"
"│                   │                                                          │                   │"
"│                   │ ←/→ alternar · y sim · n não · enter confirmar · esc     │ero > 0 (ex.: 2)   │"
"│                   ╰──────────────────────────────────────────────────────────╯                   │"
"│                                                     █ │ │                                        │"
"│                                                     █ │ │   Team *  ·  Custom.Team (obrigatório) │"
"│                                                     █ │ │ —                                      │"
"│                                                     █ │ │                                        │"
"│                                                     █ │ │   Programa *  ·                        │"
"│                                                     ║ │ │ Custom.ProgramasAgrotrace              │"
"│                                                     ║ │ │ (obrigatório)                          │"
"│                                                     ║ │ │ —                                      │"
"│                                                     ║ │ │                                        │"
"│                                                     ▼ │ │                                        │"
"╰───────────────────────────────────────────────────────╯ ╰────────────────────────────────────────╯"
"←/→ alternar · y sim · n não · enter confirmar · esc voltar                                         "
