---
source: src/tui/live.rs
expression: terminal.backend()
---
"⠙ ◆ prt 4.0.11  ·  desc  /  Geração via IA                                                          "
"  Escrevendo a descrição  ·  streaming provider…  ·  42%  ·  ~9 tok  ·  0s                          "
"[✓] Contexto  ─  [●] Geração  ─  [○] Revisão  ─  [○] Publicação                                     "
"                                                                                                    "
"╭ Geração via IA · ao vivo ────────────────────────────────────────────────────────────────────────╮"
"│ # Atualiza checkout                                                                            ▲ │"
"│                                                                                                █ │"
"│ ## Descrição                                                                                   █ │"
"│ ▊                                                                                              █ │"
"│                                                                                                █ │"
"│                                                                                                █ │"
"│                                                                                                █ │"
"│                                                                                                █ │"
"│                                                                                                █ │"
"│                                                                                                █ │"
"│                                                                                                █ │"
"│                                                                                                █ │"
"│                                                                                                █ │"
"│                                                                                                █ │"
"│                                                                                                ║ │"
"│                                                                                                ║ │"
"│                                                                                                ▼ │"
"│ renderizando resposta do provider  42%                                                           │"
"╰──────────────────────────────────────────────────────────────────────────────────────────────────╯"
"╭ Contexto · atividade · progresso ────────────────────────────────────────────────────────────────╮"
"│ branch feature/11763-exemplo  ·  work #11763  ·  targets dev                                     │"
"│ ⠙ streaming provider…                                                                            │"
"│ █████████████████████████████░░░░░░░░░░░░░░░░░░░░░░░░░░░░░░░░░░░░░░░░░  42% · gerando descrição  │"
"╰──────────────────────────────────────────────────────────────────────────────────────────────────╯"
"j/k scroll · tab target · ? ajuda · q sair                                                          "
