---
source: apps/rust/src/tui/live.rs
expression: "$crate :: tui :: snapshot_value(terminal.backend())"
---
"◆ prt <version>  ·  desc  ·  Revisão                                                                    "
"descrição pronta  ·  ██████████████████████████████████████████████████████████████████████  ·  100%"
"╭ Body do PR · 159/4000 ✓ ─────────────────────────────────────────────────────────────────────────╮"
"│ # Atualiza fluxo de checkout                                                                   ▲ │"
"│                                                                                                █ │"
"│                                                                                                █ │"
"│ ## Descrição                                                                                   █ │"
"│                                                                                                █ │"
"│ Atualiza o fluxo de checkout para validar o carrinho.                                          █ │"
"│                                                                                                █ │"
"│ ## Checklist                                                                                   █ │"
"│              ╭ Reviewers ─────────────────────────────────────────────────────────╮            █ │"
"│              │ opcional; vazio mantém o padrão · tab/↓↑ troca de campo            │            █ │"
"│ ☑ Testes loca│                                                                    │            █ │"
"│              │ ▸ dev                                                              │            ║ │"
"│ ☐ Review     │ │ dev@x.com                                                        │            ║ │"
"│              │                                                                    │            ║ │"
"│ ╭─ diff      │ enter avançar · esc voltar                                         │            ║ │"
"│ │ + valida ca╰────────────────────────────────────────────────────────────────────╯            ║ │"
"│ │ - ignora erro                                                                                ║ │"
"│                                                                                                ║ │"
"│ ╰──                                                                                            ║ │"
"│                                                                                                ║ │"
"│                                                                                                ▼ │"
"╰──────────────────────────────────────────────────────────────────────────────────────────────────╯"
"╭ Contexto ────────────────────────────────────────────────────────────────────────────────────────╮"
"│ branch feature/11763-exemplo  ·  work #11763  ·  targets dev                                     │"
"│ Contexto funcional: Work Item #11763 — Atualiza fluxo de checkout                                │"
"╰──────────────────────────────────────────────────────────────────────────────────────────────────╯"
"digite o reviewer · tab/↓↑ trocar campo · enter avançar · esc voltar                                "
