---
source: apps/rust/src/tui/live.rs
expression: "$crate :: tui :: snapshot_value(terminal.backend())"
---
"◆ prt <version>  ·  desc  ·  Revisão                                                                    "
"descrição pronta  ·  ██████████████████████████████████████████████████████████████████████  ·  100%"
"╭ Body do PR · 159/4000 ✓ ─────────────────────────────────────────────────────────────────────────╮"
"│ # Atualiza fluxo de checkout                                                                   ▲ │"
"│                                                                                                █ │"
"│                                                                                                █ │"
"│ ## Descrição                                                                                   █ │"
"│                                                                                                █ │"
"│ Atualiza o fluxo de checkout para validar o carrinho.                                          █ │"
"│                                                                                                █ │"
"│ ## Checklist   ╭ Confirmar ─────────────────────────────────────────────────────╮              █ │"
"│                │ Criar PR(s) com estes reviewers?                               │              █ │"
"│                │                                                                │              █ │"
"│ ☑ Testes locais│ sprint/110: iohan.hinokuma@ibssystemico.org.br                 │              █ │"
"│                │ dev: ronaldo.pereira@ibssystemico.com.br                       │              ║ │"
"│ ☐ Review       │                                                                │              ║ │"
"│                │                          Sim     Não                           │              ║ │"
"│ ╭─ diff        │                                                                │              ║ │"
"│ │ + valida carr│ ←/→ alternar · y sim · n não · enter confirmar · esc voltar    │              ║ │"
"│ │ - ignora erro╰────────────────────────────────────────────────────────────────╯              ║ │"
"│                                                                                                ║ │"
"│ ╰──                                                                                            ║ │"
"│                                                                                                ║ │"
"│                                                                                                ▼ │"
"╰──────────────────────────────────────────────────────────────────────────────────────────────────╯"
"╭ Contexto ────────────────────────────────────────────────────────────────────────────────────────╮"
"│ branch feature/11763-exemplo  ·  work #11763  ·  targets sprint/110, dev                         │"
"│ Contexto funcional: Work Item #11763 — Atualiza fluxo de checkout                                │"
"╰──────────────────────────────────────────────────────────────────────────────────────────────────╯"
"←/→ alternar · y sim · n não · enter confirmar · esc voltar                                         "
