---
source: src/tui/init_wizard.rs
expression: terminal.backend()
---
"◆ prt 6.0.1  ·  init  ·  configuração                       "
"Azure DevOps  ·  ░░░░░░░░░░░░░░░░░░░░░░░░░░░░░░░░░░░░  ·  0%"
"╭──────────────────────────────────────────────────────────╮"
"│ ▸ Azure DevOps PAT  ·  dev.azure.com → User settings → P │"
"│ ╭──────────────────────────────────────────────────────╮ │"
"│ │                                                      │ │"
"│ ╰──────────────────────────────────────────────────────╯ │"
"│                                                          │"
"│                                                          │"
"│                                                          │"
"│                                                          │"
"│                                                          │"
"│                                                          │"
"│                                                          │"
"│                                                          │"
"│                                                          │"
"│                                                          │"
"│                                                          │"
"│                                                          │"
"│                                                          │"
"╰──────────────────────────────────────────────────────────╯"
"digite normalmente · tab/↓ próximo · shift+tab/↑ anterior · "
