---
source: src/tui/live.rs
expression: terminal.backend()
---
"⠋ ◆ prt 4.0.11  ·  desc  /  Publicação                                                              "
"  Criando Pull Request(s)  ·  publicando…  ·  55%  ·  ~0 tok  ·  0s                                 "
"[✓] Contexto  ─  [✓] Geração  ─  [✓] Revisão  ─  [●] Publicação                                     "
"                                                                                                    "
"╭ Publicação · Pull Requests ──────────────────────────────────────────────────────────────────────╮"
"│ ⠋ Enviando a descrição e os reviewers selecionados                                               │"
"│ ████████████████████████████████████████████████████░░░░░░░░░░░░░░░░░░░░░░░░░░░░░░░░░░░░░░░░░░░░ │"
"│ criando PR dev  ·  55%  ·  0/1 target(s)                                                         │"
"│ › criando PR dev                                                                                 │"
"│                                                                                                  │"
"│                                                                                                  │"
"│                                                                                                  │"
"│                                                                                                  │"
"│                                                                                                  │"
"│                                                                                                  │"
"│                                                                                                  │"
"│                                                                                                  │"
"│                                                                                                  │"
"│                                                                                                  │"
"│                                                                                                  │"
"│                                                                                                  │"
"│                                                                                                  │"
"│                                                                                                  │"
"╰──────────────────────────────────────────────────────────────────────────────────────────────────╯"
"╭ Contexto · atividade · progresso ────────────────────────────────────────────────────────────────╮"
"│ branch feature/11763-exemplo  ·  work #11763  ·  targets dev                                     │"
"│ ⠋ criando PR dev                                                                                 │"
"│ ████████████████████████████████████████░░░░░░░░░░░░░░░░░░░░░░░░░░░░░░░░░  55% · criando PR dev  │"
"╰──────────────────────────────────────────────────────────────────────────────────────────────────╯"
"j/k scroll · tab target · ? ajuda · q sair                                                          "
