---
source: src/tui/init_wizard.rs
expression: terminal.backend()
---
"● ◆ prt 4.0.11  ·  init  ·  passo 1/6  ·  Azure DevOps      "
"╭ Etapas ────────────╮ ╭ ◆ Azure DevOps ───────────────────╮"
"│ ●  ◆ Azure DevOps  │ │ ░░░░░░░░░░░░░░░░░░░░░░░░░░░░░░░   │"
"│ ○  ✉ Reviewers     │ │ ▸ Azure DevOps PAT  ·  dev.azure. │"
"│ ○  ◈ Provider      │ │ ╭───────────────────────────────╮ │"
"│ ○  ✦ Modelo        │ │ │                               │ │"
"│ ○  ▤ Test defaults │ │ ╰───────────────────────────────╯ │"
"│ ○  ✔ Revisão       │ │                                   │"
"│                    │ │                                   │"
"│                    │ │                                   │"
"│                    │ │                                   │"
"│                    │ │                                   │"
"│                    │ │                                   │"
"│                    │ │                                   │"
"│                    │ │                                   │"
"│                    │ │                                   │"
"│                    │ │                                   │"
"│                    │ │                                   │"
"│                    │ │                                   │"
"│                    │ │                                   │"
"╰────────────────────╯ ╰───────────────────────────────────╯"
"digite normalmente · tab/↓ próximo · shift+tab/↑ anterior · "
