---
source: apps/rust/src/tui/test_flow.rs
expression: "$crate :: tui :: snapshot_value(terminal.backend())"
---
"◆ prt <version>  ·  test  ·  revisão                                                                    "
"card pronto  ·  ░░░░░░░░░░░░░░░░░░░░░░░░░░░░░░░░░░░░░░░░░░░░░░░░░░░░░░░░░░░░░░░░░░░░░░░░░░░░░  ·  0%"
"╭ Card de teste ────────────────────────────────────────╮ ╭ ⚙ Settings ────────────────────────────╮"
"│ # Card exemplo                                      ▲ │ │   AreaPath  ·  ex.: MeuProjeto\Time    │"
"│                                                     █ │ │ —                                      │"
"│                                                     █ │ │                                        │"
"│ ## Objetivo                                         █ │ │   Responsável (AssignedTo)  ·  email   │"
"│                                                     █ │ │ ou vazio                               │"
"│ X                                                   █ │ │ —                                      │"
"│             ╭ Recuperar envio ─────────────────────────────────────────────────────╮             │"
"│             │ A resposta do Azure não confirmou se o card foi criado.              │             │"
"│             │ Verifique antes de reenviar para evitar duplicidade.                 │             │"
"│             │                                                                      │             │"
"│             │ ▸ editar settings                                                    │             │"
"│             │   verificar possíveis cards                                          │0 (ex.: 2)   │"
"│             │   reenviar mesmo assim                                               │             │"
"│             │   sair                                                               │             │"
"│             │                                                                      │obrigatório) │"
"│             │ ↑/↓ escolher · enter confirmar · esc editar                          │             │"
"│             ╰──────────────────────────────────────────────────────────────────────╯             │"
"│                                                     █ │ │   Programa *  ·                        │"
"│                                                     █ │ │ Custom.ProgramasAgrotrace              │"
"│                                                     █ │ │ (obrigatório)                          │"
"│                                                     ║ │ │ —                                      │"
"│                                                     ║ │ │                                        │"
"│                                                     ║ │ │                                        │"
"│                                                     ║ │ │                                        │"
"│                                                     ▼ │ │                                        │"
"╰───────────────────────────────────────────────────────╯ ╰────────────────────────────────────────╯"
"e editar settings · v verificar cards · r reenviar · enter escolher · esc editar                    "
