---
source: src/tui/live.rs
expression: terminal.backend()
---
"● ◆ prt 4.0.10  ·  desc  ·  revisão  ·  0s  ·  ~0 tok  ·  revisão                                   "
" dev                                                                                                "
"╭ ◉ Descrição do PR ────────────────────────────────────╮ ╭ ◈ Contexto ────────────────────────────╮"
"│ # Atualiza fluxo de checkout                        ▲ │ │ branch  feature/11763-exemplo          │"
"│                                                     █ │ │ work    #11763                         │"
"│                                                     █ │ │ targets  dev                           │"
"│ ## Descrição                                        █ │ │ body    161 chars ✓ <4000              │"
"│                                                     █ │ │                                        │"
"│ Atualiza o fluxo de checkout para validar o carrinho█ │ ╰────────────────────────────────────────╯"
"│                                                     █ │                                           "
"│ ## Checklist   ╭ Confirmar ─────────────────────────────────────────────────────╮────────────────╮"
"│                │ Criar PR(s) com estes reviewers?                               │se, copie (c) o │"
"│                │                                                                │                │"
"│ ☑ Testes locais│ dev: dev@x.com                                                 │                │"
"│                │                                                                │                │"
"│ ☐ Review       │                          Sim     Não                           │                │"
"│                │                                                                │                │"
"│ ╭─ diff        │ ←/→ alternar · y sim · n não · enter confirmar · esc voltar    │                │"
"│ │ + valida carr╰────────────────────────────────────────────────────────────────╯                │"
"│ │ - ignora erro                                     ║ │ │                                        │"
"│                                                     ║ │ │                                        │"
"│ ╰──                                                 ║ │ │                                        │"
"│                                                     ║ │ ╰────────────────────────────────────────╯"
"│                                                     ║ │                                           "
"│                                                     ║ │ ╭ ⚡ Progresso 100% ─────────────────────╮" Hidden by multi-width symbols: [(61, " ")]
"│                                                     ║ │ │ ██████████████████████████████████████ │"
"│                                                     ║ │ │ pronto                                 │"
"│                                                     ▼ │ │                                        │"
"╰───────────────────────────────────────────────────────╯ ╰────────────────────────────────────────╯"
"←/→ alternar · y sim · n não · enter confirmar · esc voltar                                         "
