---
source: src/tui/test_flow.rs
expression: terminal.backend()
---
"● ◆ prt 4.0.11  ·  test  ·  revisão  ·  0s  ·  13 chars  ·  preparando contexto…                    "
"░░░░░░░░░░░░░░░░░░░░░░░░░░░░░░░░░░░░░░░░░░░░░░░░░░░░░░░░░░░░░░░░░░░░░░░░░░░░░░░░░░░░░░░░░░░░░░░░░░░░"
"preparando  0%                                                                                      "
"✘ não foi possível confirmar se o Azure criou o Test Case; verifique antes de reenviar              "
"╭ ◉ Card de teste ──────────────────────────────────────╮ ╭ ⚙ Settings ────────────────────────────╮"
"│ # Card exemplo                                      ▲ │ │   AreaPath  ·  ex.: MeuProjeto\Time    │"
"│                                                     █ │ │ —                                      │"
"│                                                     █ │ │                                        │"
"│ ## Objetivo                                         █ │ │   Responsável (AssignedTo)  ·  email   │"
"│             ╭ Recuperar envio ─────────────────────────────────────────────────────╮             │"
"│ X           │ A resposta do Azure não confirmou se o card foi criado.              │             │"
"│             │ Verifique antes de reenviar para evitar duplicidade.                 │             │"
"│             │                                                                      │             │"
"│             │ ▸ editar settings                                                    │             │"
"│             │   verificar possíveis cards                                          │             │"
"│             │   reenviar mesmo assim                                               │             │"
"│             │   sair                                                               │0 (ex.: 2)   │"
"│             │                                                                      │             │"
"│             │ ↑/↓ escolher · enter confirmar · esc editar                          │             │"
"│             ╰──────────────────────────────────────────────────────────────────────╯obrigatório) │"
"│                                                     █ │ │ —                                      │"
"│                                                     █ │ │                                        │"
"│                                                     █ │ │   Programa *  ·                        │"
"│                                                     ║ │ │ Custom.ProgramasAgrotrace              │"
"│                                                     ║ │ │ (obrigatório)                          │"
"│                                                     ║ │ │ —                                      │"
"│                                                     ║ │ │                                        │"
"│                                                     ▼ │ │                                        │"
"╰───────────────────────────────────────────────────────╯ ╰────────────────────────────────────────╯"
"e editar · v verificar cards · r reenviar · enter escolher · esc editar   ✘ não foi possível confirm"
