---
source: apps/rust/src/tui/test_flow.rs
expression: "$crate :: tui :: snapshot_value(terminal.backend())"
---
"◆ prt <version>  ·  test  ·  revisão                                                                    "
"consultando Test Cases recentes…  ·  ░░░░░░░░░░░░░░░░░░░░░░░░░░░░░░░░░░░░░░░░░░░░░░░░░░░░░░░░░░░░░░░"
"╭ Card de teste ────────────────────────────────────────╮ ╭ ⚙ Settings ────────────────────────────╮"
"│ # Card exemplo                                      ▲ │ │   AreaPath  ·  ex.: MeuProjeto\Time    │"
"│                                                     █ │ │ —                                      │"
"│                                                     █ │ │                                        │"
"│ ## Objetivo                                         █ │ │   Responsável (AssignedTo)  ·  email   │"
"│                                                     █ │ │ ou vazio                               │"
"│ X                                                   █ │ │ —                                      │"
"│                                                     █ │ │                                        │"
"│                                                     █ │ │   IterationPath  ·  ex.:               │"
"│                                                     █ │ │ MeuProjeto\Sprint 12                   │"
"│      ╭ Verificar possíveis cards ─────────────────────────────────────────────────────────╮      │"
"│      │                                                                                    │      │"
"│      │ enter usar selecionado · d excluir · r atualizar · esc voltar                      │ 2)   │"
"│      │                                                                                    │      │"
"│      ╰────────────────────────────────────────────────────────────────────────────────────╯      │"
"│                                                     █ │ │   Team *  ·  Custom.Team (obrigatório) │"
"│                                                     █ │ │ —                                      │"
"│                                                     █ │ │                                        │"
"│                                                     █ │ │   Programa *  ·                        │"
"│                                                     █ │ │ Custom.ProgramasAgrotrace              │"
"│                                                     █ │ │ (obrigatório)                          │"
"│                                                     ║ │ │ —                                      │"
"│                                                     ║ │ │                                        │"
"│                                                     ║ │ │                                        │"
"│                                                     ║ │ │                                        │"
"│                                                     ▼ │ │                                        │"
"╰───────────────────────────────────────────────────────╯ ╰────────────────────────────────────────╯"
"↑/↓ selecionar · d excluir · r atualizar · esc voltar                                               "
