---
source: src/tui/live.rs
expression: terminal.backend()
---
"● ◆ prt 4.0.11  ·  desc  /  Revisão                                                                 "
"  Descrição pronta para revisão  ·  revisão  ·  100%  ·  ~0 tok  ·  0s                              "
"[✓] Contexto  ─  [✓] Geração  ─  [●] Revisão  ─  [○] Publicação                                     "
"                                                                                                    "
"╭ Descrição gerada · 161/4000 ✓ ───────────────────────────────────────────────────────────────────╮"
"│ # Atualiza fluxo de checkout                                                                   ▲ │"
"│                                                                                                █ │"
"│                                                                                                █ │"
"│ ## Descrição                                                                                   █ │"
"│                                                                                                █ │"
"│ Atualiza o fluxo de checkout para validar o carrinho.                                          █ │"
"│              ╭ Reviewers ─────────────────────────────────────────────────────────╮            █ │"
"│ ## Checklist │ opcional; vazio mantém o padrão · tab/↓↑ troca de campo            │            █ │"
"│              │                                                                    │            █ │"
"│              │ ▸ dev                                                              │            ║ │"
"│ ☑ Testes loca│ │ dev@x.com                                                        │            ║ │"
"│              │                                                                    │            ║ │"
"│ ☐ Review     │ enter avançar · esc voltar                                         │            ║ │"
"│              ╰────────────────────────────────────────────────────────────────────╯            ║ │"
"│ ╭─ diff                                                                                        ║ │"
"│ │ + valida carrinho                                                                            ║ │"
"│ │ - ignora erro                                                                                ║ │"
"│                                                                                                ▼ │"
"╰──────────────────────────────────────────────────────────────────────────────────────────────────╯"
"╭ Contexto · atividade · progresso ────────────────────────────────────────────────────────────────╮"
"│ branch feature/11763-exemplo  ·  work #11763  ·  targets dev                                     │"
"│ ● descrição pronta — revise, copie (c) ou publique (enter)                                       │"
"│ ████████████████████████████████████████████████████████████████████████████████  100% · pronto  │"
"╰──────────────────────────────────────────────────────────────────────────────────────────────────╯"
"digite o reviewer · tab/↓↑ trocar campo · enter avançar · esc voltar                                "
