---
source: src/tui/test_flow.rs
expression: terminal.backend()
---
"◆ prt 4.0.11  ·  test  ·  revisão                                                                   "
"card pronto  ·  ░░░░░░░░░░░░░░░░░░░░░░░░░░░░░░░░░░░░░░░░░░░░░░░░░░░░░░░░░░░░░░░░░░░░░░░░░░░░░  ·  0%"
"╭ Card de teste ────────────────────────────────────────╮ ╭ ⚙ Settings ────────────────────────────╮"
"│ # Card exemplo                                      ▲ │ │   AreaPath  ·  ex.: MeuProjeto\Time    │"
"│                                                     █ │ │ —                                      │"
"│                                                     █ │ │                                        │"
"│ #╭ Editar conteúdo ───────────────────────────────────────────────────────────────────────────╮  │"
"│  │ Tab alterna título/corpo · Ctrl+S salva · Esc cancela                                      │  │"
"│ X│ ▸ Título  (foco ativo)                                                                     │  │"
"│  │ Card exemplo                                                                               │  │"
"│  │   Body Markdown                                                                            │  │"
"│  │ ## Objetivo                                                                                │  │"
"│  │ X                                                                                          │  │"
"│  │                                                                                            │  │"
"│  │                                                                                            │  │"
"│  │                                                                                            │  │"
"│  │                                                                                            │  │"
"│  │                                                                                            │) │"
"│  │                                                                                            │  │"
"│  │                                                                                            │  │"
"│  │                                                                                            │  │"
"│  │                                                                                            │  │"
"│  │ Ctrl+S salva · Esc cancela                                                                 │  │"
"│  ╰────────────────────────────────────────────────────────────────────────────────────────────╯  │"
"│                                                     ║ │ │                                        │"
"│                                                     ║ │ │                                        │"
"│                                                     ║ │ │                                        │"
"│                                                     ▼ │ │                                        │"
"╰───────────────────────────────────────────────────────╯ ╰────────────────────────────────────────╯"
"Tab alterna título/corpo · Ctrl+S salva · Esc cancela                                               "
