---
source: src/tui/test_flow.rs
expression: terminal.backend()
---
"◆ prt 6.0.1  ·  test  ·  revisão                                                                    "
"card pronto  ·  ░░░░░░░░░░░░░░░░░░░░░░░░░░░░░░░░░░░░░░░░░░░░░░░░░░░░░░░░░░░░░░░░░░░░░░░░░░░░░  ·  0%"
"╭ Card de teste ────────────────────────────────────────╮ ╭ ⚙ Settings ────────────────────────────╮"
"│ # Card exemplo                                      ▲ │ │   AreaPath  ·  ex.: MeuProjeto\Time    │"
"│                                                     █ │ │ —                                      │"
"│                                                     █ │ │                                        │"
"│ ## Objetivo                                         █ │ │   Responsável (AssignedTo)  ·  email   │"
"│                                                     █ │ │ ou vazio                               │"
"│ X                                                   █ │ │ —                                      │"
"│                                                     █ │ │                                        │"
"│                                                     █ │ │   IterationPath  ·  ex.:               │"
"│                   ╭ Criar ───────────────────────────────────────────────────╮                   │"
"│                   │ Criar este Test Case?                                    │                   │"
"│                   │                                                          │                   │"
"│                   │                       Sim     Não                        │ero > 0 (ex.: 2)   │"
"│                   │                                                          │                   │"
"│                   │ ←/→ alternar · y sim · n não · enter confirmar · esc     │                   │"
"│                   ╰──────────────────────────────────────────────────────────╯Team (obrigatório) │"
"│                                                     █ │ │ —                                      │"
"│                                                     █ │ │                                        │"
"│                                                     █ │ │   Programa *  ·                        │"
"│                                                     █ │ │ Custom.ProgramasAgrotrace              │"
"│                                                     █ │ │ (obrigatório)                          │"
"│                                                     ║ │ │ —                                      │"
"│                                                     ║ │ │                                        │"
"│                                                     ║ │ │                                        │"
"│                                                     ║ │ │                                        │"
"│                                                     ▼ │ │                                        │"
"╰───────────────────────────────────────────────────────╯ ╰────────────────────────────────────────╯"
"←/→ alternar · y sim · n não · enter confirmar · esc voltar                                         "
