---
source: src/tui/notice.rs
expression: terminal.backend()
---
"● ◆ prt 4.0.11                                                                  "
"╭ ◆ Teste ─────────────────────────────────────────────────────────────────────╮"
"│ Operação concluída.                                                        ▲ │"
"│ Revise o resumo acima.                                                     █ │"
"│                                                                            █ │"
"│                                                                            █ │"
"│                                                                            █ │"
"│                                                                            █ │"
"│                                                                            █ │"
"│                                                                            █ │"
"│                                                                            █ │"
"│                                                                            █ │"
"│                                                                            █ │"
"│                                                                            █ │"
"│                                                                            █ │"
"│                                                                            █ │"
"│                                                                            █ │"
"│                                                                            █ │"
"│                                                                            █ │"
"│                                                                            █ │"
"│                                                                            ║ │"
"│                                                                            ▼ │"
"╰──────────────────────────────────────────────────────────────────────────────╯"
"j/k rolar · PgUp/PgDn página · q/enter/esc sair                                 "
