---
source: src/tui/live.rs
expression: terminal.backend()
---
"⠋ ◆ prt 4.0.11  ·  desc  /  Preparação                                                              "
"  Inicializando o fluxo  ·  inicializando…  ·  0%  ·  ~0 tok  ·  0s                                 "
"[●] Contexto  ─  [○] Geração  ─  [○] Revisão  ─  [○] Publicação                                     "
"                                                                                                    "
"╭ Preparando contexto ─────────────────────────────────────────────────────────────────────────────╮"
"│ ⠋ Preparando o ambiente                                                                          │"
"│ inicializando…                                                                                   │"
"│ Branch, work item e diff serão exibidos conforme o contexto fica disponível.                     │"
"│                                                                                                  │"
"│                                                                                                  │"
"│                                                                                                  │"
"│                                                                                                  │"
"│                                                                                                  │"
"│                                                                                                  │"
"│                                                                                                  │"
"│                                                                                                  │"
"│                                                                                                  │"
"│                                                                                                  │"
"│                                                                                                  │"
"│                                                                                                  │"
"│                                                                                                  │"
"│                                                                                                  │"
"│ ░░░░░░░░░░░░░░░░░░░░░░░░░░░░░░░░░░░░░░░░░░░░░░░░░░░░░░░░░░░░░░░░░░░░░░░░░░░░░░░░░░░░░░░░░░░░░░░░ │"
"╰──────────────────────────────────────────────────────────────────────────────────────────────────╯"
"╭ Contexto · atividade · progresso ────────────────────────────────────────────────────────────────╮"
"│ branch feature/11763-exemplo  ·  work #11763  ·  targets dev                                     │"
"│ ⠋ inicializando…                                                                                 │"
"│ ░░░░░░░░░░░░░░░░░░░░░░░░░░░░░░░░░░░░░░░░░░░░░░░░░░░░░░░░░░░░░░░░░░░░░░░░░░░░░░  0% · preparando  │"
"╰──────────────────────────────────────────────────────────────────────────────────────────────────╯"
"j/k scroll · tab target · ? ajuda · q sair                                                          "
