---
source: apps/rust/src/tui/update_flow.rs
expression: terminal.backend()
---
"◆ prt 6.0.1  ·  desc --pr  ·  Revisão                                                               "
"╭ Editar conteúdo ─────────────────────────────────────────────────────────────────────────────────╮"
"│ RASCUNHO  ·  Pull Request                                                                        │"
"│ Tab muda campo · Enter cria linha no body · setas navegam                                        │"
"│ ▸ Título  ·  15 caracteres  ·  EDITANDO                                                          │"
"│ ▌ Título proposto                                                                                │"
"│ ▌                                                                                                │"
"│ ──────────────────────────────────────────────────────────────────────────────────────────────── │"
"│   Body Markdown  ·  27 / 3999 caracteres                                                         │"
"│ │ Body proposto                                                                                  │"
"│ │ - [ ] validar                                                                                  │"
"│ │                                                                                                │"
"│ │                                                                                                │"
"│ │                                                                                                │"
"│ │                                                                                                │"
"│ │                                                                                                │"
"│ │                                                                                                │"
"│ │                                                                                                │"
"│ │                                                                                                │"
"│ │                                                                                                │"
"│ │                                                                                                │"
"│ │                                                                                                │"
"│ │                                                                                                │"
"│ │                                                                                                │"
"│ │                                                                                                │"
"│ │                                                                                                │"
"│ │                                                                                                │"
"│ Ctrl+S salva · Esc cancela                                                                       │"
"╰──────────────────────────────────────────────────────────────────────────────────────────────────╯"
"Tab alterna título/corpo · Ctrl+S salva · Esc cancela                                               "
